
> frontend@0.1.0 build
> next build

node.exe : 
At line:1 char:1
+ & "C:\Program Files
\nodejs/node.exe" 
"C:\Program 
Files\nodejs/node_mo 
...
+ ~~~~~~~~~~~~~~~~~~~
~~~~~~~~~~~~~~~~~~~~~
~~~~~~~~~~~~~~~~~~~~~
~~~~~~~~
    + CategoryInfo   
           : NotSpe  
  cified: (:String   
 ) [], RemoteExce    
ption
    + FullyQualified 
   ErrorId : Native  
  CommandError
 
> Build error 
occurred
Error: Configuring 
Next.js via 
'next.config.ts' is 
not supported. 
Please replace the 
file with 
'next.config.js' or 
'next.config.mjs'.
    at loadConfig 
(C:\Users\B V MALLIKA
RJANARAO\Desktop\Assi
gnment\frontend\node_
modules\next\dist\ser
ver\config.js:786:19)
    at async 
Span.traceAsyncFn 
(C:\Users\B V MALLIKA
RJANARAO\Desktop\Assi
gnment\frontend\node_
modules\next\dist\tra
ce\trace.js:151:20)
    at async 
C:\Users\B V MALLIKAR
JANARAO\Desktop\Assig
nment\frontend\node_m
odules\next\dist\buil
d\index.js:379:28
    at async 
Span.traceAsyncFn 
(C:\Users\B V MALLIKA
RJANARAO\Desktop\Assi
gnment\frontend\node_
modules\next\dist\tra
ce\trace.js:151:20)
    at async build 
(C:\Users\B V MALLIKA
RJANARAO\Desktop\Assi
gnment\frontend\node_
modules\next\dist\bui
ld\index.js:374:9)
    at async main 
(C:\Users\B V MALLIKA
RJANARAO\Desktop\Assi
gnment\frontend\node_
modules\next\dist\bin
\next:155:5)
